
> applica-vercel@1.0.0 build
> vite build

node.exe : [33mThe CJS 
build of Vite's Node API is 
deprecated. See https://vite
.dev/guide/troubleshooting.h
tml#vite-cjs-node-api-deprec
ated for more details.[39m
In riga:1 car:1
+ & "C:\Program 
Files\nodejs/node.exe" "C:\U
sers\elton_kvh7ex\AppData\R 
...
+ ~~~~~~~~~~~~~~~~~~~~~~~~~~
~~~~~~~~~~~~~~~~~~~~~~~~~~~~
~~~~~~~~~~~~~~~
    + CategoryInfo          
    : NotSpecified: ([33m  
  The CJS bu...e details.   
 [39m:String) [], Remot    
eException
    + FullyQualifiedErrorId 
    : NativeCommandError
 
[36mvite v5.4.21 [32mbuilding for production...[36m[39m
[32mÔ£ô[39m 0 modules transformed.
[31mx[39m Build failed in 
36ms
[31merror during build:
[31mCould not resolve 
entry module 
"index.html".[31m
    at getRollupError (file:
///C:/Users/elton_kvh7ex/Des
ktop/applica_vercel/node_mod
ules/rollup/dist/es/shared/p
arseAst.js:402:41)
    at error (file:///C:/Use
rs/elton_kvh7ex/Desktop/appl
ica_vercel/node_modules/roll
up/dist/es/shared/parseAst.j
s:398:42)
    at ModuleLoader.loadEntr
yModule (file:///C:/Users/el
ton_kvh7ex/Desktop/applica_v
ercel/node_modules/rollup/di
st/es/shared/node-entry.js:2
1731:20)
    at async Promise.all 
(index 0)[39m
